******************************************************************************
             TMS320C2000 Linker PC v22.6.2                     
******************************************************************************
>> Linked Mon Aug 18 00:48:53 2025

OUTPUT FILE NAME:   <Test.out>
ENTRY POINT SYMBOL: "code_start"  address: 00000000


MEMORY CONFIGURATION

         name            origin    length      used     unused   attr    fill
----------------------  --------  ---------  --------  --------  ----  --------
PAGE 0:
  BEGIN                 00000000   00000002  00000002  00000000  RWIX
  RAMM0                 000000f6   0000030a  00000014  000002f6  RWIX
  RAMLS0                00008000   00000800  00000800  00000000  RWIX
  RAMLS1                00008800   00000800  000000ac  00000754  RWIX
  RAMLS2                00009000   00000800  00000000  00000800  RWIX
  RAMLS3                00009800   00000800  00000000  00000800  RWIX
  RAMLS4                0000a000   00000800  00000000  00000800  RWIX
  FLASH_BANK0_SEC0      00080000   00001000  00000000  00001000  RWIX
  FLASH_BANK0_SEC1      00081000   00001000  00000000  00001000  RWIX
  FLASH_BANK0_SEC2      00082000   00001000  00000000  00001000  RWIX
  FLASH_BANK0_SEC3      00083000   00001000  00000000  00001000  RWIX
  FLASH_BANK0_SEC4      00084000   00001000  00000000  00001000  RWIX
  FLASH_BANK0_SEC5      00085000   00001000  00000000  00001000  RWIX
  FLASH_BANK0_SEC6      00086000   00001000  00000000  00001000  RWIX
  FLASH_BANK0_SEC7      00087000   00001000  00000000  00001000  RWIX
  FLASH_BANK0_SEC8      00088000   00001000  00000000  00001000  RWIX
  FLASH_BANK0_SEC9      00089000   00001000  00000000  00001000  RWIX
  FLASH_BANK0_SEC10     0008a000   00001000  00000000  00001000  RWIX
  FLASH_BANK0_SEC11     0008b000   00001000  00000000  00001000  RWIX
  FLASH_BANK0_SEC12     0008c000   00001000  00000000  00001000  RWIX
  FLASH_BANK0_SEC13     0008d000   00001000  00000000  00001000  RWIX
  FLASH_BANK0_SEC14     0008e000   00001000  00000000  00001000  RWIX
  FLASH_BANK0_SEC15     0008f000   00001000  00000000  00001000  RWIX
  FLASH_BANK1_SEC0      00090000   00001000  00000000  00001000  RWIX
  FLASH_BANK1_SEC1      00091000   00001000  00000000  00001000  RWIX
  FLASH_BANK1_SEC2      00092000   00001000  00000000  00001000  RWIX
  FLASH_BANK1_SEC3      00093000   00001000  00000000  00001000  RWIX
  FLASH_BANK1_SEC4      00094000   00001000  00000000  00001000  RWIX
  FLASH_BANK1_SEC5      00095000   00001000  00000000  00001000  RWIX
  FLASH_BANK1_SEC6      00096000   00001000  00000000  00001000  RWIX
  FLASH_BANK1_SEC7      00097000   00001000  00000000  00001000  RWIX
  FLASH_BANK1_SEC8      00098000   00001000  00000000  00001000  RWIX
  FLASH_BANK1_SEC9      00099000   00001000  00000000  00001000  RWIX
  FLASH_BANK1_SEC10     0009a000   00001000  00000000  00001000  RWIX
  FLASH_BANK1_SEC11     0009b000   00001000  00000000  00001000  RWIX
  FLASH_BANK1_SEC12     0009c000   00001000  00000000  00001000  RWIX
  FLASH_BANK1_SEC13     0009d000   00001000  00000000  00001000  RWIX
  FLASH_BANK1_SEC14     0009e000   00001000  00000000  00001000  RWIX
  FLASH_BANK1_SEC15     0009f000   00001000  00000000  00001000  RWIX
  RESET                 003fffc0   00000002  00000000  00000002  RWIX

PAGE 1:
  BOOT_RSVD             00000002   000000f1  00000000  000000f1  RWIX
  RAMM1                 00000400   000003f8  000003f8  00000000  RWIX
  RAMLS5                0000a800   00000800  00000199  00000667  RWIX
  RAMLS6                0000b000   00000800  00000000  00000800  RWIX
  RAMLS7                0000b800   00000800  00000000  00000800  RWIX
  RAMGS0                0000c000   00002000  00000000  00002000  RWIX
  RAMGS1                0000e000   00002000  00000000  00002000  RWIX
  RAMGS2                00010000   00002000  00000000  00002000  RWIX
  RAMGS3                00012000   00001ff8  00000000  00001ff8  RWIX


SECTION ALLOCATION MAP

 output                                  attributes/
section   page    origin      length       input sections
--------  ----  ----------  ----------   ----------------
codestart 
*          0    00000000    00000002     
                  00000000    00000002     f28004x_codestartbranch.obj (codestart)

.TI.ramfunc 
*          0    000000f6    00000004     
                  000000f6    00000004     driverlib_eabi.lib : sysctl.obj (.TI.ramfunc)

.cinit     0    000000fa    00000010     
                  000000fa    00000008     (.cinit..data.load) [load image, compression = lzss]
                  00000102    00000004     (__TI_handler_table)
                  00000106    00000004     (__TI_cinit_table)

.reset     0    003fffc0    00000000     DSECT

.stack     1    00000400    000003f8     UNINITIALIZED
                  00000400    000003f8     --HOLE--

.init_array 
*          0    000000f6    00000000     UNINITIALIZED

.const     1    0000a800    0000018f     
                  0000a800    0000009a     driverlib_eabi.lib : sysctl.obj (.const:.string)
                  0000a89a    00000098                        : gpio.obj (.const:.string)
                  0000a932    0000005d     device.obj (.const:.string)

.data      1    0000a990    0000000a     UNINITIALIZED
                  0000a990    00000006     rts2800_fpu32_eabi.lib : exit.c.obj (.data)
                  0000a996    00000002                            : _lock.c.obj (.data:_lock)
                  0000a998    00000002                            : _lock.c.obj (.data:_unlock)

.text.1    0    00008000    00000800     
                  00008000    000000e0     device.obj (.text:Device_enableAllPeripherals)
                  000080e0    000000c8     driverlib_eabi.lib : sysctl.obj (.text:SysCtl_setClock)
                  000081a8    000000bd                        : sysctl.obj (.text:SysCtl_isPLLValid)
                  00008265    00000073                        : sysctl.obj (.text:DCC_setCounterSeeds)
                  000082d8    0000005e                        : sysctl.obj (.text:SysCtl_getClock)
                  00008336    00000052                        : gpio.obj (.text:GPIO_setPadConfig)
                  00008388    00000051     device.obj (.text:Device_init)
                  000083d9    0000004d     driverlib_eabi.lib : sysctl.obj (.text:SysCtl_selectOscSource)
                  00008426    00000045                        : sysctl.obj (.text:SysCtl_pollX1Counter)
                  0000846b    00000040                        : sysctl.obj (.text:SysCtl_selectXTAL)
                  000084ab    0000003d                        : interrupt.obj (.text:Interrupt_initModule)
                  000084e8    0000003a                        : gpio.obj (.text:GPIO_setAnalogMode)
                  00008522    00000031                        : gpio.obj (.text:GPIO_setDirectionMode)
                  00008553    0000002e     rts2800_fpu32_eabi.lib : copy_decompress_lzss.c.obj (.text:decompress:lzss)
                  00008581    0000002b                            : autoinit.c.obj (.text:__TI_auto_init_nobinit_nopinit)
                  000085ac    00000029                            : exit.c.obj (.text)
                  000085d5    00000025     driverlib_eabi.lib : sysctl.obj (.text:SysCtl_selectXTALSingleEnded)
                  000085fa    00000024                        : sysctl.obj (.text:DCC_enableSingleShotMode)
                  0000861e    0000001e                        : sysctl.obj (.text:DCC_setCounter1ClkSource)
                  0000863c    0000001e                        : interrupt.obj (.text:Interrupt_initVectorTable)
                  0000865a    0000001d     rts2800_fpu32_eabi.lib : memcpy.c.obj (.text)
                  00008677    0000001c     driverlib_eabi.lib : sysctl.obj (.text:DCC_setCounter0ClkSource)
                  00008693    0000001a                        : sysctl.obj (.text:SysCtl_getLowSpeedClock)
                  000086ad    00000017     device.obj (.text:SysCtl_enablePeripheral)
                  000086c4    00000017     driverlib_eabi.lib : sysctl.obj (.text:SysCtl_enablePeripheral)
                  000086db    00000017     rts2800_fpu32_eabi.lib : boot28.asm.obj (.text)
                  000086f2    00000016     driverlib_eabi.lib : sysctl.obj (.text:DCC_disableDoneSignal)
                  00008708    00000016                        : sysctl.obj (.text:DCC_enableDoneSignal)
                  0000871e    00000016                        : interrupt.obj (.text:Interrupt_defaultHandler)
                  00008734    00000015                        : sysctl.obj (.text:DCC_clearDoneFlag)
                  00008749    00000015                        : sysctl.obj (.text:DCC_clearErrorFlag)
                  0000875e    00000015                        : sysctl.obj (.text:DCC_disableErrorSignal)
                  00008773    00000015                        : sysctl.obj (.text:DCC_enableErrorSignal)
                  00008788    00000015     device.obj (.text:GPIO_unlockPortConfig)
                  0000879d    00000014     driverlib_eabi.lib : sysctl.obj (.text:DCC_disableModule)
                  000087b1    00000014                        : sysctl.obj (.text:DCC_enableModule)
                  000087c5    00000014                        : gpio.obj (.text:GPIO_isPinValid)
                  000087d9    00000014     device.obj (.text:SysCtl_deviceCal)
                  000087ed    00000010     driverlib_eabi.lib : sysctl.obj (.text:DCC_isBaseValid)
                  000087fd    00000002     rts2800_fpu32_eabi.lib : pre_init.c.obj (.text)
                  000087ff    00000001     c2000ware_libraries.obj (.text:C2000Ware_libraries_init)

.text.2    0    00008800    000000ac     
                  00008800    00000010     device.obj (.text:Device_initGPIO)
                  00008810    0000000f     device.obj (.text:ASysCtl_disableDCDC)
                  0000881f    0000000f     empty_driverlib_main.obj (.text:main)
                  0000882e    0000000d     driverlib_eabi.lib : interrupt.obj (.text:Interrupt_disableGlobal)
                  0000883b    0000000d     device.obj (.text:SysCtl_setLowSpeedClock)
                  00008848    0000000c     rts2800_fpu32_eabi.lib : args_main.c.obj (.text)
                  00008854    0000000b     device.obj (.text:SysCtl_disableWatchdog)
                  0000885f    0000000b     driverlib_eabi.lib : sysctl.obj (.text:SysCtl_isMCDClockFailureDetected)
                  0000886a    0000000a                        : interrupt.obj (.text:Interrupt_illegalOperationHandler)
                  00008874    0000000a                        : interrupt.obj (.text:Interrupt_nmiHandler)
                  0000887e    00000009     rts2800_fpu32_eabi.lib : _lock.c.obj (.text)
                  00008887    00000008                            : copy_decompress_none.c.obj (.text:decompress:none)
                  0000888f    00000008     f28004x_codestartbranch.obj (.text)
                  00008897    00000007     driverlib_eabi.lib : sysctl.obj (.text:SysCtl_resetMCD)
                  0000889e    00000007     device.obj (.text:__error__)
                  000088a5    00000005     board.obj (.text:Board_init)
                  000088aa    00000001     board.obj (.text:PinMux_init)
                  000088ab    00000001     rts2800_fpu32_eabi.lib : startup.c.obj (.text)

MODULE SUMMARY

       Module                        code   ro data   rw data
       ------                        ----   -------   -------
    .\
       empty_driverlib_main.obj      15     0         0      
    +--+-----------------------------+------+---------+---------+
       Total:                        15     0         0      
                                                             
    .\device\
       device.obj                    431    93        0      
       f28004x_codestartbranch.obj   10     0         0      
    +--+-----------------------------+------+---------+---------+
       Total:                        441    93        0      
                                                             
    .\syscfg\
       board.obj                     6      0         0      
       c2000ware_libraries.obj       1      0         0      
    +--+-----------------------------+------+---------+---------+
       Total:                        7      0         0      
                                                             
    D:\CCS_TI_Tools\C2000Ware_5_05_00_00\driverlib\f28004x\driverlib\ccs\Debug\driverlib_eabi.lib
       sysctl.obj                    1194   154       0      
       gpio.obj                      209    152       0      
       interrupt.obj                 146    0         0      
    +--+-----------------------------+------+---------+---------+
       Total:                        1549   306       0      
                                                             
    D:\CCS_TI_Tools\ccs2020\ccs\tools\compiler\ti-cgt-c2000_22.6.2.LTS\lib\rts2800_fpu32_eabi.lib
       exit.c.obj                    41     0         6      
       copy_decompress_lzss.c.obj    46     0         0      
       autoinit.c.obj                43     0         0      
       memcpy.c.obj                  29     0         0      
       boot28.asm.obj                23     0         0      
       _lock.c.obj                   9      0         4      
       args_main.c.obj               12     0         0      
       copy_decompress_none.c.obj    8      0         0      
       pre_init.c.obj                2      0         0      
       startup.c.obj                 1      0         0      
    +--+-----------------------------+------+---------+---------+
       Total:                        214    0         10     
                                                             
       Stack:                        0      0         1016   
       Linker Generated:             0      16        0      
    +--+-----------------------------+------+---------+---------+
       Grand Total:                  2226   415       1026   


LINKER GENERATED COPY TABLES

__TI_cinit_table @ 00000106 records: 1, size/record: 4, table size: 4
	.data: load addr=000000fa, load size=00000008 bytes, run addr=0000a990, run size=0000000a bytes, compression=lzss


LINKER GENERATED HANDLER TABLE

__TI_handler_table @ 00000102 records: 2, size/record: 2, table size: 4
	index: 0, handler: __TI_decompress_lzss
	index: 1, handler: __TI_decompress_none


GLOBAL DATA SYMBOLS: SORTED BY DATA PAGE

address     data page           name
--------    ----------------    ----
00000400      10 (00000400)     __stack

0000a990     2a6 (0000a980)     __TI_enable_exit_profile_output
0000a992     2a6 (0000a980)     __TI_cleanup_ptr
0000a994     2a6 (0000a980)     __TI_dtors_ptr
0000a996     2a6 (0000a980)     _lock
0000a998     2a6 (0000a980)     _unlock


GLOBAL SYMBOLS: SORTED ALPHABETICALLY BY Name 

page  address   name                             
----  -------   ----                             
0     000088a5  Board_init                       
0     000085ac  C$$EXIT                          
0     000087ff  C2000Ware_libraries_init         
0     00008000  Device_enableAllPeripherals      
0     00008388  Device_init                      
0     00008800  Device_initGPIO                  
0     000084e8  GPIO_setAnalogMode               
0     00008522  GPIO_setDirectionMode            
0     00008336  GPIO_setPadConfig                
0     0000871e  Interrupt_defaultHandler         
0     0000886a  Interrupt_illegalOperationHandler
0     000084ab  Interrupt_initModule             
0     0000863c  Interrupt_initVectorTable        
0     00008874  Interrupt_nmiHandler             
0     000088aa  PinMux_init                      
0     000000f6  SysCtl_delay                     
0     000082d8  SysCtl_getClock                  
0     00008693  SysCtl_getLowSpeedClock          
0     000081a8  SysCtl_isPLLValid                
0     000083d9  SysCtl_selectOscSource           
0     0000846b  SysCtl_selectXTAL                
0     000085d5  SysCtl_selectXTALSingleEnded     
0     000080e0  SysCtl_setClock                  
0     00000106  __TI_CINIT_Base                  
0     0000010a  __TI_CINIT_Limit                 
0     0000010a  __TI_CINIT_Warm                  
0     00000102  __TI_Handler_Table_Base          
0     00000106  __TI_Handler_Table_Limit         
1     000007f8  __TI_STACK_END                   
abs   000003f8  __TI_STACK_SIZE                  
0     00008581  __TI_auto_init_nobinit_nopinit   
1     0000a992  __TI_cleanup_ptr                 
0     00008553  __TI_decompress_lzss             
0     00008887  __TI_decompress_none             
1     0000a994  __TI_dtors_ptr                   
1     0000a990  __TI_enable_exit_profile_output  
abs   ffffffff  __TI_pprof_out_hndl              
abs   ffffffff  __TI_prof_data_size              
abs   ffffffff  __TI_prof_data_start             
n/a   UNDEFED   __c_args__                       
0     0000889e  __error__                        
1     00000400  __stack                          
0     00008848  _args_main                       
0     000086db  _c_int00                         
1     0000a996  _lock                            
0     00008886  _nop                             
0     00008882  _register_lock                   
0     0000887e  _register_unlock                 
0     000088ab  _system_post_cinit               
0     000087fd  _system_pre_init                 
1     0000a998  _unlock                          
0     000085ac  abort                            
0     00000000  code_start                       
0     000085ae  exit                             
0     0000881f  main                             
0     0000865a  memcpy                           


GLOBAL SYMBOLS: SORTED BY Symbol Address 

page  address   name                             
----  -------   ----                             
0     00000000  code_start                       
0     000000f6  SysCtl_delay                     
0     00000102  __TI_Handler_Table_Base          
0     00000106  __TI_CINIT_Base                  
0     00000106  __TI_Handler_Table_Limit         
0     0000010a  __TI_CINIT_Limit                 
0     0000010a  __TI_CINIT_Warm                  
0     00008000  Device_enableAllPeripherals      
0     000080e0  SysCtl_setClock                  
0     000081a8  SysCtl_isPLLValid                
0     000082d8  SysCtl_getClock                  
0     00008336  GPIO_setPadConfig                
0     00008388  Device_init                      
0     000083d9  SysCtl_selectOscSource           
0     0000846b  SysCtl_selectXTAL                
0     000084ab  Interrupt_initModule             
0     000084e8  GPIO_setAnalogMode               
0     00008522  GPIO_setDirectionMode            
0     00008553  __TI_decompress_lzss             
0     00008581  __TI_auto_init_nobinit_nopinit   
0     000085ac  C$$EXIT                          
0     000085ac  abort                            
0     000085ae  exit                             
0     000085d5  SysCtl_selectXTALSingleEnded     
0     0000863c  Interrupt_initVectorTable        
0     0000865a  memcpy                           
0     00008693  SysCtl_getLowSpeedClock          
0     000086db  _c_int00                         
0     0000871e  Interrupt_defaultHandler         
0     000087fd  _system_pre_init                 
0     000087ff  C2000Ware_libraries_init         
0     00008800  Device_initGPIO                  
0     0000881f  main                             
0     00008848  _args_main                       
0     0000886a  Interrupt_illegalOperationHandler
0     00008874  Interrupt_nmiHandler             
0     0000887e  _register_unlock                 
0     00008882  _register_lock                   
0     00008886  _nop                             
0     00008887  __TI_decompress_none             
0     0000889e  __error__                        
0     000088a5  Board_init                       
0     000088aa  PinMux_init                      
0     000088ab  _system_post_cinit               
1     00000400  __stack                          
1     000007f8  __TI_STACK_END                   
1     0000a990  __TI_enable_exit_profile_output  
1     0000a992  __TI_cleanup_ptr                 
1     0000a994  __TI_dtors_ptr                   
1     0000a996  _lock                            
1     0000a998  _unlock                          
abs   000003f8  __TI_STACK_SIZE                  
abs   ffffffff  __TI_pprof_out_hndl              
abs   ffffffff  __TI_prof_data_size              
abs   ffffffff  __TI_prof_data_start             
n/a   UNDEFED   __c_args__                       

[56 symbols]
